   1              		.file	"index.c"
   2              	 # GNU C17 (Rev7, Built by MSYS2 project) version 13.1.0 (x86_64-w64-mingw32)
   3              	 #	compiled by GNU C version 13.1.0, GMP version 6.2.1, MPFR version 4.2.0-p9, MPC version 1.3.1, i
   4              	
   5              	 # GGC heuristics: --param ggc-min-expand=100 --param ggc-min-heapsize=131072
   6              	 # options passed: -mtune=generic -march=nocona -g -O0
   7              		.text
   8              	.Ltext0:
   9              		.cfi_sections	.debug_frame
  10              		.file 0 "C:/Users/Kyouma/reyuki/explore-c" "index.c"
  12              		.seh_proc	printf
  13              	printf:
  14              	.LFB9:
  15              		.file 1 "C:/msys64/mingw64/include/stdio.h"
   1:C:/msys64/mingw64/include\stdio.h **** /**
   2:C:/msys64/mingw64/include\stdio.h ****  * This file has no copyright assigned and is placed in the Public Domain.
   3:C:/msys64/mingw64/include\stdio.h ****  * This file is part of the mingw-w64 runtime package.
   4:C:/msys64/mingw64/include\stdio.h ****  * No warranty is given; refer to the file DISCLAIMER.PD within this package.
   5:C:/msys64/mingw64/include\stdio.h ****  */
   6:C:/msys64/mingw64/include\stdio.h **** #ifndef _INC_STDIO
   7:C:/msys64/mingw64/include\stdio.h **** #define _INC_STDIO
   8:C:/msys64/mingw64/include\stdio.h **** 
   9:C:/msys64/mingw64/include\stdio.h **** #include <corecrt_stdio_config.h>
  10:C:/msys64/mingw64/include\stdio.h **** 
  11:C:/msys64/mingw64/include\stdio.h **** #pragma pack(push,_CRT_PACKING)
  12:C:/msys64/mingw64/include\stdio.h **** 
  13:C:/msys64/mingw64/include\stdio.h **** #pragma push_macro("snprintf")
  14:C:/msys64/mingw64/include\stdio.h **** #undef snprintf
  15:C:/msys64/mingw64/include\stdio.h **** #pragma push_macro("vsnprintf")
  16:C:/msys64/mingw64/include\stdio.h **** #undef vsnprintf
  17:C:/msys64/mingw64/include\stdio.h **** #pragma push_macro("snwprintf")
  18:C:/msys64/mingw64/include\stdio.h **** #undef snwprintf
  19:C:/msys64/mingw64/include\stdio.h **** #pragma push_macro("vsnwprintf")
  20:C:/msys64/mingw64/include\stdio.h **** #undef vsnwprintf
  21:C:/msys64/mingw64/include\stdio.h **** 
  22:C:/msys64/mingw64/include\stdio.h **** #ifdef __cplusplus
  23:C:/msys64/mingw64/include\stdio.h **** extern "C" {
  24:C:/msys64/mingw64/include\stdio.h **** #endif
  25:C:/msys64/mingw64/include\stdio.h **** 
  26:C:/msys64/mingw64/include\stdio.h **** #define BUFSIZ 512
  27:C:/msys64/mingw64/include\stdio.h **** #define _NFILE _NSTREAM_
  28:C:/msys64/mingw64/include\stdio.h **** #define _NSTREAM_ 512
  29:C:/msys64/mingw64/include\stdio.h **** #define _IOB_ENTRIES 20
  30:C:/msys64/mingw64/include\stdio.h **** #define EOF (-1)
  31:C:/msys64/mingw64/include\stdio.h **** 
  32:C:/msys64/mingw64/include\stdio.h **** #ifndef _FILE_DEFINED
  33:C:/msys64/mingw64/include\stdio.h ****   struct _iobuf {
  34:C:/msys64/mingw64/include\stdio.h **** #ifdef _UCRT
  35:C:/msys64/mingw64/include\stdio.h ****     void *_Placeholder;
  36:C:/msys64/mingw64/include\stdio.h **** #else
  37:C:/msys64/mingw64/include\stdio.h ****     char *_ptr;
  38:C:/msys64/mingw64/include\stdio.h ****     int _cnt;
  39:C:/msys64/mingw64/include\stdio.h ****     char *_base;
  40:C:/msys64/mingw64/include\stdio.h ****     int _flag;
  41:C:/msys64/mingw64/include\stdio.h ****     int _file;
  42:C:/msys64/mingw64/include\stdio.h ****     int _charbuf;
  43:C:/msys64/mingw64/include\stdio.h ****     int _bufsiz;
  44:C:/msys64/mingw64/include\stdio.h ****     char *_tmpfname;
  45:C:/msys64/mingw64/include\stdio.h **** #endif
  46:C:/msys64/mingw64/include\stdio.h ****   };
  47:C:/msys64/mingw64/include\stdio.h ****   typedef struct _iobuf FILE;
  48:C:/msys64/mingw64/include\stdio.h **** #define _FILE_DEFINED
  49:C:/msys64/mingw64/include\stdio.h **** #endif
  50:C:/msys64/mingw64/include\stdio.h **** 
  51:C:/msys64/mingw64/include\stdio.h **** #ifdef _POSIX_
  52:C:/msys64/mingw64/include\stdio.h **** #define _P_tmpdir "/"
  53:C:/msys64/mingw64/include\stdio.h **** #define _wP_tmpdir L"/"
  54:C:/msys64/mingw64/include\stdio.h **** #else
  55:C:/msys64/mingw64/include\stdio.h **** #define _P_tmpdir "\\"
  56:C:/msys64/mingw64/include\stdio.h **** #define _wP_tmpdir L"\\"
  57:C:/msys64/mingw64/include\stdio.h **** #endif
  58:C:/msys64/mingw64/include\stdio.h **** 
  59:C:/msys64/mingw64/include\stdio.h **** #define L_tmpnam (sizeof(_P_tmpdir) + 12)
  60:C:/msys64/mingw64/include\stdio.h **** 
  61:C:/msys64/mingw64/include\stdio.h **** #ifdef _POSIX_
  62:C:/msys64/mingw64/include\stdio.h **** #define L_ctermid 9
  63:C:/msys64/mingw64/include\stdio.h **** #define L_cuserid 32
  64:C:/msys64/mingw64/include\stdio.h **** #endif
  65:C:/msys64/mingw64/include\stdio.h **** 
  66:C:/msys64/mingw64/include\stdio.h **** #define SEEK_CUR 1
  67:C:/msys64/mingw64/include\stdio.h **** #define SEEK_END 2
  68:C:/msys64/mingw64/include\stdio.h **** #define SEEK_SET 0
  69:C:/msys64/mingw64/include\stdio.h **** 
  70:C:/msys64/mingw64/include\stdio.h **** #define	STDIN_FILENO	0
  71:C:/msys64/mingw64/include\stdio.h **** #define	STDOUT_FILENO	1
  72:C:/msys64/mingw64/include\stdio.h **** #define	STDERR_FILENO	2
  73:C:/msys64/mingw64/include\stdio.h **** 
  74:C:/msys64/mingw64/include\stdio.h **** #define FILENAME_MAX 260
  75:C:/msys64/mingw64/include\stdio.h **** #define FOPEN_MAX 20
  76:C:/msys64/mingw64/include\stdio.h **** #define _SYS_OPEN 20
  77:C:/msys64/mingw64/include\stdio.h **** #define TMP_MAX 32767
  78:C:/msys64/mingw64/include\stdio.h **** 
  79:C:/msys64/mingw64/include\stdio.h **** #ifndef NULL
  80:C:/msys64/mingw64/include\stdio.h **** #ifdef __cplusplus
  81:C:/msys64/mingw64/include\stdio.h **** #ifndef _WIN64
  82:C:/msys64/mingw64/include\stdio.h **** #define NULL 0
  83:C:/msys64/mingw64/include\stdio.h **** #else
  84:C:/msys64/mingw64/include\stdio.h **** #define NULL 0LL
  85:C:/msys64/mingw64/include\stdio.h **** #endif  /* W64 */
  86:C:/msys64/mingw64/include\stdio.h **** #else
  87:C:/msys64/mingw64/include\stdio.h **** #define NULL ((void *)0)
  88:C:/msys64/mingw64/include\stdio.h **** #endif
  89:C:/msys64/mingw64/include\stdio.h **** #endif
  90:C:/msys64/mingw64/include\stdio.h **** 
  91:C:/msys64/mingw64/include\stdio.h **** #include <_mingw_off_t.h>
  92:C:/msys64/mingw64/include\stdio.h **** 
  93:C:/msys64/mingw64/include\stdio.h **** _CRTIMP FILE *__cdecl __acrt_iob_func(unsigned index);
  94:C:/msys64/mingw64/include\stdio.h **** #ifndef _STDIO_DEFINED
  95:C:/msys64/mingw64/include\stdio.h **** #ifdef _WIN64
  96:C:/msys64/mingw64/include\stdio.h ****   _CRTIMP FILE *__cdecl __iob_func(void);
  97:C:/msys64/mingw64/include\stdio.h **** #define _iob  __iob_func()
  98:C:/msys64/mingw64/include\stdio.h **** #else
  99:C:/msys64/mingw64/include\stdio.h **** #ifdef _MSVCRT_
 100:C:/msys64/mingw64/include\stdio.h **** extern FILE _iob[];	/* A pointer to an array of FILE */
 101:C:/msys64/mingw64/include\stdio.h **** #define __iob_func()	(_iob)
 102:C:/msys64/mingw64/include\stdio.h **** #else
 103:C:/msys64/mingw64/include\stdio.h **** extern FILE (* __MINGW_IMP_SYMBOL(_iob))[];	/* A pointer to an array of FILE */
 104:C:/msys64/mingw64/include\stdio.h **** #define __iob_func()	(* __MINGW_IMP_SYMBOL(_iob))
 105:C:/msys64/mingw64/include\stdio.h **** #define _iob __iob_func()
 106:C:/msys64/mingw64/include\stdio.h **** #endif
 107:C:/msys64/mingw64/include\stdio.h **** #endif
 108:C:/msys64/mingw64/include\stdio.h **** #endif
 109:C:/msys64/mingw64/include\stdio.h **** 
 110:C:/msys64/mingw64/include\stdio.h **** #ifndef _FPOS_T_DEFINED
 111:C:/msys64/mingw64/include\stdio.h **** #define _FPOS_T_DEFINED
 112:C:/msys64/mingw64/include\stdio.h **** #undef _FPOSOFF
 113:C:/msys64/mingw64/include\stdio.h **** 
 114:C:/msys64/mingw64/include\stdio.h **** #if (!defined(NO_OLDNAMES) || defined(__GNUC__))
 115:C:/msys64/mingw64/include\stdio.h ****   __MINGW_EXTENSION typedef __int64 fpos_t;
 116:C:/msys64/mingw64/include\stdio.h **** #define _FPOSOFF(fp) ((long)(fp))
 117:C:/msys64/mingw64/include\stdio.h **** #else
 118:C:/msys64/mingw64/include\stdio.h ****   __MINGW_EXTENSION typedef long long fpos_t;
 119:C:/msys64/mingw64/include\stdio.h **** #define _FPOSOFF(fp) ((long)(fp))
 120:C:/msys64/mingw64/include\stdio.h **** #endif
 121:C:/msys64/mingw64/include\stdio.h **** 
 122:C:/msys64/mingw64/include\stdio.h **** #endif
 123:C:/msys64/mingw64/include\stdio.h **** 
 124:C:/msys64/mingw64/include\stdio.h **** #ifndef _STDSTREAM_DEFINED
 125:C:/msys64/mingw64/include\stdio.h **** #define _STDSTREAM_DEFINED
 126:C:/msys64/mingw64/include\stdio.h **** 
 127:C:/msys64/mingw64/include\stdio.h **** #define stdin (__acrt_iob_func(0))
 128:C:/msys64/mingw64/include\stdio.h **** #define stdout (__acrt_iob_func(1))
 129:C:/msys64/mingw64/include\stdio.h **** #define stderr (__acrt_iob_func(2))
 130:C:/msys64/mingw64/include\stdio.h **** #endif
 131:C:/msys64/mingw64/include\stdio.h **** 
 132:C:/msys64/mingw64/include\stdio.h **** #define _IOFBF 0x0000
 133:C:/msys64/mingw64/include\stdio.h **** #define _IOLBF 0x0040
 134:C:/msys64/mingw64/include\stdio.h **** #define _IONBF 0x0004
 135:C:/msys64/mingw64/include\stdio.h **** 
 136:C:/msys64/mingw64/include\stdio.h **** #ifndef _UCRT
 137:C:/msys64/mingw64/include\stdio.h **** #define _IOREAD 0x0001
 138:C:/msys64/mingw64/include\stdio.h **** #define _IOWRT 0x0002
 139:C:/msys64/mingw64/include\stdio.h **** #define _IOMYBUF 0x0008
 140:C:/msys64/mingw64/include\stdio.h **** #define _IOEOF 0x0010
 141:C:/msys64/mingw64/include\stdio.h **** #define _IOERR 0x0020
 142:C:/msys64/mingw64/include\stdio.h **** #define _IOSTRG 0x0040
 143:C:/msys64/mingw64/include\stdio.h **** #define _IORW 0x0080
 144:C:/msys64/mingw64/include\stdio.h **** #ifdef _POSIX_
 145:C:/msys64/mingw64/include\stdio.h **** #define _IOAPPEND 0x0200
 146:C:/msys64/mingw64/include\stdio.h **** #endif
 147:C:/msys64/mingw64/include\stdio.h **** #endif
 148:C:/msys64/mingw64/include\stdio.h **** 
 149:C:/msys64/mingw64/include\stdio.h **** /* used with _set_output_format which is not present in ucrt */
 150:C:/msys64/mingw64/include\stdio.h **** #ifndef _UCRT
 151:C:/msys64/mingw64/include\stdio.h **** #define _TWO_DIGIT_EXPONENT 0x1
 152:C:/msys64/mingw64/include\stdio.h **** #endif
 153:C:/msys64/mingw64/include\stdio.h **** 
 154:C:/msys64/mingw64/include\stdio.h **** #if __MINGW_FORTIFY_LEVEL > 0
 155:C:/msys64/mingw64/include\stdio.h **** __mingw_bos_declare;
 156:C:/msys64/mingw64/include\stdio.h **** #endif
 157:C:/msys64/mingw64/include\stdio.h **** 
 158:C:/msys64/mingw64/include\stdio.h **** #ifndef _STDIO_DEFINED
 159:C:/msys64/mingw64/include\stdio.h **** extern
 160:C:/msys64/mingw64/include\stdio.h ****   __attribute__((__format__ (gnu_scanf, 2, 3))) __MINGW_ATTRIB_NONNULL(2)
 161:C:/msys64/mingw64/include\stdio.h ****   int __cdecl __mingw_sscanf(const char * __restrict__ _Src,const char * __restrict__ _Format,...);
 162:C:/msys64/mingw64/include\stdio.h **** extern
 163:C:/msys64/mingw64/include\stdio.h ****   __attribute__((__format__ (gnu_scanf, 2, 0))) __MINGW_ATTRIB_NONNULL(2)
 164:C:/msys64/mingw64/include\stdio.h ****   int __cdecl __mingw_vsscanf (const char * __restrict__ _Str,const char * __restrict__ Format,va_l
 165:C:/msys64/mingw64/include\stdio.h **** extern
 166:C:/msys64/mingw64/include\stdio.h ****   __attribute__((__format__ (gnu_scanf, 1, 2))) __MINGW_ATTRIB_NONNULL(1)
 167:C:/msys64/mingw64/include\stdio.h ****   int __cdecl __mingw_scanf(const char * __restrict__ _Format,...);
 168:C:/msys64/mingw64/include\stdio.h **** extern
 169:C:/msys64/mingw64/include\stdio.h ****   __attribute__((__format__ (gnu_scanf, 1, 0))) __MINGW_ATTRIB_NONNULL(1)
 170:C:/msys64/mingw64/include\stdio.h ****   int __cdecl __mingw_vscanf(const char * __restrict__ Format, va_list argp);
 171:C:/msys64/mingw64/include\stdio.h **** extern
 172:C:/msys64/mingw64/include\stdio.h ****   __attribute__((__format__ (gnu_scanf, 2, 3))) __MINGW_ATTRIB_NONNULL(2)
 173:C:/msys64/mingw64/include\stdio.h ****   int __cdecl __mingw_fscanf(FILE * __restrict__ _File,const char * __restrict__ _Format,...);
 174:C:/msys64/mingw64/include\stdio.h **** extern
 175:C:/msys64/mingw64/include\stdio.h ****   __attribute__((__format__ (gnu_scanf, 2, 0))) __MINGW_ATTRIB_NONNULL(2)
 176:C:/msys64/mingw64/include\stdio.h ****   int __cdecl __mingw_vfscanf (FILE * __restrict__ fp, const char * __restrict__ Format,va_list arg
 177:C:/msys64/mingw64/include\stdio.h **** 
 178:C:/msys64/mingw64/include\stdio.h **** extern
 179:C:/msys64/mingw64/include\stdio.h ****   __attribute__((__format__ (gnu_printf, 3, 0))) __MINGW_ATTRIB_NONNULL(3)
 180:C:/msys64/mingw64/include\stdio.h ****   int __cdecl __mingw_vsnprintf(char * __restrict__ _DstBuf,size_t _MaxCount,const char * __restric
 181:C:/msys64/mingw64/include\stdio.h ****                                va_list _ArgList);
 182:C:/msys64/mingw64/include\stdio.h **** extern
 183:C:/msys64/mingw64/include\stdio.h ****   __attribute__((__format__ (gnu_printf, 3, 4))) __MINGW_ATTRIB_NONNULL(3)
 184:C:/msys64/mingw64/include\stdio.h ****   int __cdecl __mingw_snprintf(char * __restrict__ s, size_t n, const char * __restrict__  format, 
 185:C:/msys64/mingw64/include\stdio.h **** extern
 186:C:/msys64/mingw64/include\stdio.h ****   __attribute__((__format__ (gnu_printf, 1, 2))) __MINGW_ATTRIB_NONNULL(1)
 187:C:/msys64/mingw64/include\stdio.h ****   int __cdecl __mingw_printf(const char * __restrict__ , ... ) __MINGW_NOTHROW;
 188:C:/msys64/mingw64/include\stdio.h **** extern
 189:C:/msys64/mingw64/include\stdio.h ****   __attribute__((__format__ (gnu_printf, 1, 0))) __MINGW_ATTRIB_NONNULL(1)
 190:C:/msys64/mingw64/include\stdio.h ****   int __cdecl __mingw_vprintf (const char * __restrict__ , va_list) __MINGW_NOTHROW;
 191:C:/msys64/mingw64/include\stdio.h **** extern
 192:C:/msys64/mingw64/include\stdio.h ****   __attribute__((__format__ (gnu_printf, 2, 3))) __MINGW_ATTRIB_NONNULL(2)
 193:C:/msys64/mingw64/include\stdio.h ****   int __cdecl __mingw_fprintf (FILE * __restrict__ , const char * __restrict__ , ...) __MINGW_NOTHR
 194:C:/msys64/mingw64/include\stdio.h **** extern
 195:C:/msys64/mingw64/include\stdio.h ****   __attribute__((__format__ (gnu_printf, 2, 0))) __MINGW_ATTRIB_NONNULL(2)
 196:C:/msys64/mingw64/include\stdio.h ****   int __cdecl __mingw_vfprintf (FILE * __restrict__ , const char * __restrict__ , va_list) __MINGW_
 197:C:/msys64/mingw64/include\stdio.h **** extern
 198:C:/msys64/mingw64/include\stdio.h ****   __attribute__((__format__ (gnu_printf, 2, 3))) __MINGW_ATTRIB_NONNULL(2)
 199:C:/msys64/mingw64/include\stdio.h ****   int __cdecl __mingw_sprintf (char * __restrict__ , const char * __restrict__ , ...) __MINGW_NOTHR
 200:C:/msys64/mingw64/include\stdio.h **** extern
 201:C:/msys64/mingw64/include\stdio.h ****   __attribute__((__format__ (gnu_printf, 2, 0))) __MINGW_ATTRIB_NONNULL(2)
 202:C:/msys64/mingw64/include\stdio.h ****   int __cdecl __mingw_vsprintf (char * __restrict__ , const char * __restrict__ , va_list) __MINGW_
 203:C:/msys64/mingw64/include\stdio.h **** extern
 204:C:/msys64/mingw64/include\stdio.h ****   __attribute__((__format__ (gnu_printf, 2, 3))) __attribute__((nonnull (1,2)))
 205:C:/msys64/mingw64/include\stdio.h ****   int __cdecl __mingw_asprintf(char ** __restrict__ , const char * __restrict__ , ...) __MINGW_NOTH
 206:C:/msys64/mingw64/include\stdio.h **** extern
 207:C:/msys64/mingw64/include\stdio.h ****   __attribute__((__format__ (gnu_printf, 2, 0))) __attribute__((nonnull (1,2)))
 208:C:/msys64/mingw64/include\stdio.h ****   int __cdecl __mingw_vasprintf(char ** __restrict__ , const char * __restrict__ , va_list) __MINGW
 209:C:/msys64/mingw64/include\stdio.h **** 
 210:C:/msys64/mingw64/include\stdio.h **** extern
 211:C:/msys64/mingw64/include\stdio.h ****   __attribute__((__format__ (ms_scanf, 2, 3))) __MINGW_ATTRIB_NONNULL(2)
 212:C:/msys64/mingw64/include\stdio.h ****   int __cdecl __ms_sscanf(const char * __restrict__ _Src,const char * __restrict__ _Format,...);
 213:C:/msys64/mingw64/include\stdio.h **** extern
 214:C:/msys64/mingw64/include\stdio.h ****   __attribute__((__format__ (ms_scanf, 1, 2))) __MINGW_ATTRIB_NONNULL(1)
 215:C:/msys64/mingw64/include\stdio.h ****   int __cdecl __ms_scanf(const char * __restrict__ _Format,...);
 216:C:/msys64/mingw64/include\stdio.h **** extern
 217:C:/msys64/mingw64/include\stdio.h ****   __attribute__((__format__ (ms_scanf, 2, 3))) __MINGW_ATTRIB_NONNULL(2)
 218:C:/msys64/mingw64/include\stdio.h ****   int __cdecl __ms_fscanf(FILE * __restrict__ _File,const char * __restrict__ _Format,...);
 219:C:/msys64/mingw64/include\stdio.h **** 
 220:C:/msys64/mingw64/include\stdio.h **** extern
 221:C:/msys64/mingw64/include\stdio.h ****   __attribute__((__format__ (ms_printf, 1, 2))) __MINGW_ATTRIB_NONNULL(1)
 222:C:/msys64/mingw64/include\stdio.h ****   int __cdecl __ms_printf(const char * __restrict__ , ... ) __MINGW_NOTHROW;
 223:C:/msys64/mingw64/include\stdio.h **** extern
 224:C:/msys64/mingw64/include\stdio.h ****   __attribute__((__format__ (ms_printf, 1, 0))) __MINGW_ATTRIB_NONNULL(1)
 225:C:/msys64/mingw64/include\stdio.h ****   int __cdecl __ms_vprintf (const char * __restrict__ , va_list) __MINGW_NOTHROW;
 226:C:/msys64/mingw64/include\stdio.h **** extern
 227:C:/msys64/mingw64/include\stdio.h ****   __attribute__((__format__ (ms_printf, 2, 3))) __MINGW_ATTRIB_NONNULL(2)
 228:C:/msys64/mingw64/include\stdio.h ****   int __cdecl __ms_fprintf (FILE * __restrict__ , const char * __restrict__ , ...) __MINGW_NOTHROW;
 229:C:/msys64/mingw64/include\stdio.h **** extern
 230:C:/msys64/mingw64/include\stdio.h ****   __attribute__((__format__ (ms_printf, 2, 0))) __MINGW_ATTRIB_NONNULL(2)
 231:C:/msys64/mingw64/include\stdio.h ****   int __cdecl __ms_vfprintf (FILE * __restrict__ , const char * __restrict__ , va_list) __MINGW_NOT
 232:C:/msys64/mingw64/include\stdio.h **** extern
 233:C:/msys64/mingw64/include\stdio.h ****   __attribute__((__format__ (ms_printf, 2, 3))) __MINGW_ATTRIB_NONNULL(2)
 234:C:/msys64/mingw64/include\stdio.h ****   int __cdecl __ms_sprintf (char * __restrict__ , const char * __restrict__ , ...) __MINGW_NOTHROW;
 235:C:/msys64/mingw64/include\stdio.h **** extern
 236:C:/msys64/mingw64/include\stdio.h ****   __attribute__((__format__ (ms_printf, 2, 0))) __MINGW_ATTRIB_NONNULL(2)
 237:C:/msys64/mingw64/include\stdio.h ****   int __cdecl __ms_vsprintf (char * __restrict__ , const char * __restrict__ , va_list) __MINGW_NOT
 238:C:/msys64/mingw64/include\stdio.h **** 
 239:C:/msys64/mingw64/include\stdio.h **** #ifdef _UCRT
 240:C:/msys64/mingw64/include\stdio.h ****   int __cdecl __stdio_common_vsprintf(unsigned __int64 options, char *str, size_t len, const char *
 241:C:/msys64/mingw64/include\stdio.h ****   int __cdecl __stdio_common_vfprintf(unsigned __int64 options, FILE *file, const char *format, _lo
 242:C:/msys64/mingw64/include\stdio.h ****   int __cdecl __stdio_common_vsscanf(unsigned __int64 options, const char *input, size_t length, co
 243:C:/msys64/mingw64/include\stdio.h ****   int __cdecl __stdio_common_vfscanf(unsigned __int64 options, FILE *file, const char *format, _loc
 244:C:/msys64/mingw64/include\stdio.h **** #endif
 245:C:/msys64/mingw64/include\stdio.h **** 
 246:C:/msys64/mingw64/include\stdio.h **** #undef __MINGW_PRINTF_FORMAT
 247:C:/msys64/mingw64/include\stdio.h **** #undef __MINGW_SCANF_FORMAT
 248:C:/msys64/mingw64/include\stdio.h **** 
 249:C:/msys64/mingw64/include\stdio.h **** #if defined(__clang__)
 250:C:/msys64/mingw64/include\stdio.h **** #define __MINGW_PRINTF_FORMAT printf
 251:C:/msys64/mingw64/include\stdio.h **** #define __MINGW_SCANF_FORMAT  scanf
 252:C:/msys64/mingw64/include\stdio.h **** #elif defined(_UCRT) || __USE_MINGW_ANSI_STDIO
 253:C:/msys64/mingw64/include\stdio.h **** #define __MINGW_PRINTF_FORMAT gnu_printf
 254:C:/msys64/mingw64/include\stdio.h **** #define __MINGW_SCANF_FORMAT  gnu_scanf
 255:C:/msys64/mingw64/include\stdio.h **** #else
 256:C:/msys64/mingw64/include\stdio.h **** #define __MINGW_PRINTF_FORMAT ms_printf
 257:C:/msys64/mingw64/include\stdio.h **** #define __MINGW_SCANF_FORMAT  ms_scanf
 258:C:/msys64/mingw64/include\stdio.h **** #endif
 259:C:/msys64/mingw64/include\stdio.h **** 
 260:C:/msys64/mingw64/include\stdio.h **** #if __USE_MINGW_ANSI_STDIO && !defined(_CRTBLD)
 261:C:/msys64/mingw64/include\stdio.h **** /*
 262:C:/msys64/mingw64/include\stdio.h ****  * User has expressed a preference for C99 conformance...
 263:C:/msys64/mingw64/include\stdio.h ****  */
 264:C:/msys64/mingw64/include\stdio.h **** 
 265:C:/msys64/mingw64/include\stdio.h **** #ifdef _GNU_SOURCE
 266:C:/msys64/mingw64/include\stdio.h **** __mingw_ovr
 267:C:/msys64/mingw64/include\stdio.h **** __attribute__ ((__format__ (gnu_printf, 2, 3))) __attribute__((nonnull (1,2)))
 268:C:/msys64/mingw64/include\stdio.h **** int asprintf(char **__ret, const char *__format, ...)
 269:C:/msys64/mingw64/include\stdio.h **** {
 270:C:/msys64/mingw64/include\stdio.h ****   int __retval;
 271:C:/msys64/mingw64/include\stdio.h ****   __builtin_va_list __local_argv; __builtin_va_start( __local_argv, __format );
 272:C:/msys64/mingw64/include\stdio.h ****   __retval = __mingw_vasprintf( __ret, __format, __local_argv );
 273:C:/msys64/mingw64/include\stdio.h ****   __builtin_va_end( __local_argv );
 274:C:/msys64/mingw64/include\stdio.h ****   return __retval;
 275:C:/msys64/mingw64/include\stdio.h **** }
 276:C:/msys64/mingw64/include\stdio.h **** 
 277:C:/msys64/mingw64/include\stdio.h **** __mingw_ovr
 278:C:/msys64/mingw64/include\stdio.h **** __attribute__ ((__format__ (gnu_printf, 2, 0))) __attribute__((nonnull (1,2)))
 279:C:/msys64/mingw64/include\stdio.h **** int vasprintf(char **__ret, const char *__format, __builtin_va_list __local_argv)
 280:C:/msys64/mingw64/include\stdio.h **** {
 281:C:/msys64/mingw64/include\stdio.h ****   return __mingw_vasprintf( __ret, __format, __local_argv );
 282:C:/msys64/mingw64/include\stdio.h **** }
 283:C:/msys64/mingw64/include\stdio.h **** #endif /* _GNU_SOURCE */
 284:C:/msys64/mingw64/include\stdio.h **** 
 285:C:/msys64/mingw64/include\stdio.h **** /* There seems to be a bug about builtins and static overrides of them
 286:C:/msys64/mingw64/include\stdio.h ****    in g++.  So we need to do here some trickery.  */
 287:C:/msys64/mingw64/include\stdio.h **** #ifdef __cplusplus
 288:C:/msys64/mingw64/include\stdio.h **** extern "C++" {
 289:C:/msys64/mingw64/include\stdio.h **** #endif
 290:C:/msys64/mingw64/include\stdio.h **** 
 291:C:/msys64/mingw64/include\stdio.h **** __mingw_ovr
 292:C:/msys64/mingw64/include\stdio.h **** __attribute__((__format__ (gnu_scanf, 2, 3))) __MINGW_ATTRIB_NONNULL(2)
 293:C:/msys64/mingw64/include\stdio.h **** int sscanf(const char *__source, const char *__format, ...)
 294:C:/msys64/mingw64/include\stdio.h **** {
 295:C:/msys64/mingw64/include\stdio.h ****   int __retval;
 296:C:/msys64/mingw64/include\stdio.h ****   __builtin_va_list __local_argv; __builtin_va_start( __local_argv, __format );
 297:C:/msys64/mingw64/include\stdio.h ****   __retval = __mingw_vsscanf( __source, __format, __local_argv );
 298:C:/msys64/mingw64/include\stdio.h ****   __builtin_va_end( __local_argv );
 299:C:/msys64/mingw64/include\stdio.h ****   return __retval;
 300:C:/msys64/mingw64/include\stdio.h **** }
 301:C:/msys64/mingw64/include\stdio.h **** 
 302:C:/msys64/mingw64/include\stdio.h **** __mingw_ovr
 303:C:/msys64/mingw64/include\stdio.h **** __attribute__((__format__ (gnu_scanf, 1, 2))) __MINGW_ATTRIB_NONNULL(1)
 304:C:/msys64/mingw64/include\stdio.h **** int scanf(const char *__format, ...)
 305:C:/msys64/mingw64/include\stdio.h **** {
 306:C:/msys64/mingw64/include\stdio.h ****   int __retval;
 307:C:/msys64/mingw64/include\stdio.h ****   __builtin_va_list __local_argv; __builtin_va_start( __local_argv, __format );
 308:C:/msys64/mingw64/include\stdio.h ****   __retval = __mingw_vfscanf( stdin, __format, __local_argv );
 309:C:/msys64/mingw64/include\stdio.h ****   __builtin_va_end( __local_argv );
 310:C:/msys64/mingw64/include\stdio.h ****   return __retval;
 311:C:/msys64/mingw64/include\stdio.h **** }
 312:C:/msys64/mingw64/include\stdio.h **** 
 313:C:/msys64/mingw64/include\stdio.h **** __mingw_ovr
 314:C:/msys64/mingw64/include\stdio.h **** __attribute__((__format__ (gnu_scanf, 2, 3))) __MINGW_ATTRIB_NONNULL(2)
 315:C:/msys64/mingw64/include\stdio.h **** int fscanf(FILE *__stream, const char *__format, ...)
 316:C:/msys64/mingw64/include\stdio.h **** {
 317:C:/msys64/mingw64/include\stdio.h ****   int __retval;
 318:C:/msys64/mingw64/include\stdio.h ****   __builtin_va_list __local_argv; __builtin_va_start( __local_argv, __format );
 319:C:/msys64/mingw64/include\stdio.h ****   __retval = __mingw_vfscanf( __stream, __format, __local_argv );
 320:C:/msys64/mingw64/include\stdio.h ****   __builtin_va_end( __local_argv );
 321:C:/msys64/mingw64/include\stdio.h ****   return __retval;
 322:C:/msys64/mingw64/include\stdio.h **** }
 323:C:/msys64/mingw64/include\stdio.h **** 
 324:C:/msys64/mingw64/include\stdio.h **** #ifndef __NO_ISOCEXT  /* externs in libmingwex.a */
 325:C:/msys64/mingw64/include\stdio.h **** #ifdef __GNUC__
 326:C:/msys64/mingw64/include\stdio.h **** #pragma GCC diagnostic push
 327:C:/msys64/mingw64/include\stdio.h **** #pragma GCC diagnostic ignored "-Wshadow"
 328:C:/msys64/mingw64/include\stdio.h **** #endif
 329:C:/msys64/mingw64/include\stdio.h **** 
 330:C:/msys64/mingw64/include\stdio.h **** __mingw_ovr
 331:C:/msys64/mingw64/include\stdio.h **** __attribute__((__format__ (gnu_scanf, 2, 0))) __MINGW_ATTRIB_NONNULL(2)
 332:C:/msys64/mingw64/include\stdio.h **** int vsscanf (const char *__source, const char *__format, __builtin_va_list __local_argv)
 333:C:/msys64/mingw64/include\stdio.h **** {
 334:C:/msys64/mingw64/include\stdio.h ****   return __mingw_vsscanf( __source, __format, __local_argv );
 335:C:/msys64/mingw64/include\stdio.h **** }
 336:C:/msys64/mingw64/include\stdio.h **** 
 337:C:/msys64/mingw64/include\stdio.h **** __mingw_ovr
 338:C:/msys64/mingw64/include\stdio.h **** __attribute__((__format__ (gnu_scanf, 1, 0))) __MINGW_ATTRIB_NONNULL(1)
 339:C:/msys64/mingw64/include\stdio.h **** int vscanf(const char *__format,  __builtin_va_list __local_argv)
 340:C:/msys64/mingw64/include\stdio.h **** {
 341:C:/msys64/mingw64/include\stdio.h ****   return __mingw_vfscanf( stdin, __format, __local_argv );
 342:C:/msys64/mingw64/include\stdio.h **** }
 343:C:/msys64/mingw64/include\stdio.h **** 
 344:C:/msys64/mingw64/include\stdio.h **** __mingw_ovr
 345:C:/msys64/mingw64/include\stdio.h **** __attribute__((__format__ (gnu_scanf, 2, 0))) __MINGW_ATTRIB_NONNULL(2)
 346:C:/msys64/mingw64/include\stdio.h **** int vfscanf (FILE *__stream,  const char *__format, __builtin_va_list __local_argv)
 347:C:/msys64/mingw64/include\stdio.h **** {
 348:C:/msys64/mingw64/include\stdio.h ****   return __mingw_vfscanf( __stream, __format, __local_argv );
 349:C:/msys64/mingw64/include\stdio.h **** }
 350:C:/msys64/mingw64/include\stdio.h **** 
 351:C:/msys64/mingw64/include\stdio.h **** #ifdef __GNUC__
 352:C:/msys64/mingw64/include\stdio.h **** #pragma GCC diagnostic pop
 353:C:/msys64/mingw64/include\stdio.h **** #endif
 354:C:/msys64/mingw64/include\stdio.h **** #endif /* __NO_ISOCEXT */
 355:C:/msys64/mingw64/include\stdio.h **** 
 356:C:/msys64/mingw64/include\stdio.h **** 
 357:C:/msys64/mingw64/include\stdio.h **** 
 358:C:/msys64/mingw64/include\stdio.h **** __mingw_ovr
 359:C:/msys64/mingw64/include\stdio.h **** __attribute__((__format__ (gnu_printf, 2, 3))) __MINGW_ATTRIB_NONNULL(2)
 360:C:/msys64/mingw64/include\stdio.h **** int fprintf (FILE *__stream, const char *__format, ...)
 361:C:/msys64/mingw64/include\stdio.h **** {
 362:C:/msys64/mingw64/include\stdio.h ****   int __retval;
 363:C:/msys64/mingw64/include\stdio.h ****   __builtin_va_list __local_argv; __builtin_va_start( __local_argv, __format );
 364:C:/msys64/mingw64/include\stdio.h ****   __retval = __mingw_vfprintf( __stream, __format, __local_argv );
 365:C:/msys64/mingw64/include\stdio.h ****   __builtin_va_end( __local_argv );
 366:C:/msys64/mingw64/include\stdio.h ****   return __retval;
 367:C:/msys64/mingw64/include\stdio.h **** }
 368:C:/msys64/mingw64/include\stdio.h **** 
 369:C:/msys64/mingw64/include\stdio.h **** __mingw_ovr
 370:C:/msys64/mingw64/include\stdio.h **** __attribute__((__format__ (gnu_printf, 1, 2))) __MINGW_ATTRIB_NONNULL(1)
 371:C:/msys64/mingw64/include\stdio.h **** int printf (const char *__format, ...)
 372:C:/msys64/mingw64/include\stdio.h **** {
  16              		.loc 1 372 1
  17              		.cfi_startproc
  18 0000 55       		pushq	%rbp	 #
  19              		.seh_pushreg	%rbp
  20              		.cfi_def_cfa_offset 16
  21              		.cfi_offset 6, -16
  22 0001 53       		pushq	%rbx	 #
  23              		.seh_pushreg	%rbx
  24              		.cfi_def_cfa_offset 24
  25              		.cfi_offset 3, -24
  26 0002 4883EC38 		subq	$56, %rsp	 #,
  27              		.seh_stackalloc	56
  28              		.cfi_def_cfa_offset 80
  29 0006 488D6C24 		leaq	48(%rsp), %rbp	 #,
  29      30
  30              		.seh_setframe	%rbp, 48
  31              		.cfi_def_cfa 6, 32
  32              		.seh_endprologue
  33 000b 48894D20 		movq	%rcx, 32(%rbp)	 # __format, __format
  34 000f 48895528 		movq	%rdx, 40(%rbp)	 #,
  35 0013 4C894530 		movq	%r8, 48(%rbp)	 #,
  36 0017 4C894D38 		movq	%r9, 56(%rbp)	 #,
  37              	 # C:/msys64/mingw64/include/stdio.h:374:   __builtin_va_list __local_argv; __builtin_va_start( __l
 373:C:/msys64/mingw64/include\stdio.h ****   int __retval;
 374:C:/msys64/mingw64/include\stdio.h ****   __builtin_va_list __local_argv; __builtin_va_start( __local_argv, __format );
  38              		.loc 1 374 35
  39 001b 488D4528 		leaq	40(%rbp), %rax	 #, tmp86
  40 001f 488945F0 		movq	%rax, -16(%rbp)	 # tmp86, MEM[(char * *)&__local_argv]
  41              	 # C:/msys64/mingw64/include/stdio.h:375:   __retval = __mingw_vfprintf( stdout, __format, __local_
 375:C:/msys64/mingw64/include\stdio.h ****   __retval = __mingw_vfprintf( stdout, __format, __local_argv );
  42              		.loc 1 375 14
  43 0023 488B5DF0 		movq	-16(%rbp), %rbx	 # __local_argv, __local_argv.0_1
  44 0027 B9010000 		movl	$1, %ecx	 #,
  44      00
  45 002c 488B0500 		movq	__imp___acrt_iob_func(%rip), %rax	 #, tmp87
  45      000000
  46 0033 FFD0     		call	*%rax	 # tmp87
  47              	.LVL0:
  48 0035 4889C1   		movq	%rax, %rcx	 #, _2
  49              	 # C:/msys64/mingw64/include/stdio.h:375:   __retval = __mingw_vfprintf( stdout, __format, __local_
  50              		.loc 1 375 14 is_stmt 0 discriminator 1
  51 0038 488B4520 		movq	32(%rbp), %rax	 # __format, tmp88
  52 003c 4989D8   		movq	%rbx, %r8	 # __local_argv.0_1,
  53 003f 4889C2   		movq	%rax, %rdx	 # tmp88,
  54 0042 E8000000 		call	__mingw_vfprintf	 #
  54      00
  55 0047 8945FC   		movl	%eax, -4(%rbp)	 # tmp89, __retval
  56              	 # C:/msys64/mingw64/include/stdio.h:377:   return __retval;
 376:C:/msys64/mingw64/include\stdio.h ****   __builtin_va_end( __local_argv );
 377:C:/msys64/mingw64/include\stdio.h ****   return __retval;
  57              		.loc 1 377 10 is_stmt 1
  58 004a 8B45FC   		movl	-4(%rbp), %eax	 # __retval, _10
  59              	 # C:/msys64/mingw64/include/stdio.h:378: }
 378:C:/msys64/mingw64/include\stdio.h **** }
  60              		.loc 1 378 1
  61 004d 4883C438 		addq	$56, %rsp	 #,
  62 0051 5B       		popq	%rbx	 #
  63              		.cfi_restore 3
  64 0052 5D       		popq	%rbp	 #
  65              		.cfi_restore 6
  66              		.cfi_def_cfa 7, -40
  67 0053 C3       		ret	
  68              		.cfi_endproc
  69              	.LFE9:
  70              		.seh_endproc
  72              		.section .rdata,"dr"
  73              	.LC0:
  74 0000 68656C6C 		.ascii "hello, world!\12\0"
  74      6F2C2077 
  74      6F726C64 
  74      210A00
  75 000f 00       		.text
  76              		.globl	main
  78              		.seh_proc	main
  79              	main:
  80              	.LFB30:
  81              		.file 2 "index.c"
   1:index.c       **** #include <stdio.h>
   2:index.c       **** 
   3:index.c       **** int main() {
  82              		.loc 2 3 12
  83              		.cfi_startproc
  84 0054 55       		pushq	%rbp	 #
  85              		.seh_pushreg	%rbp
  86              		.cfi_def_cfa_offset 16
  87              		.cfi_offset 6, -16
  88 0055 4889E5   		movq	%rsp, %rbp	 #,
  89              		.seh_setframe	%rbp, 0
  90              		.cfi_def_cfa_register 6
  91 0058 4883EC20 		subq	$32, %rsp	 #,
  92              		.seh_stackalloc	32
  93              		.seh_endprologue
  94              	 # index.c:3: int main() {
  95              		.loc 2 3 12
  96 005c E8000000 		call	__main	 #
  96      00
  97              	 # index.c:4:     printf("hello, world!\n");
   4:index.c       ****     printf("hello, world!\n");
  98              		.loc 2 4 5
  99 0061 488D0500 		leaq	.LC0(%rip), %rax	 #, tmp84
  99      000000
 100 0068 4889C1   		movq	%rax, %rcx	 # tmp84,
 101 006b E890FFFF 		call	printf	 #
 101      FF
 102              	 # index.c:5:     return 0;
   5:index.c       ****     return 0;
 103              		.loc 2 5 12
 104 0070 B8000000 		movl	$0, %eax	 #, _3
 104      00
 105              	 # index.c:6: }
   6:index.c       **** }
 106              		.loc 2 6 1
 107 0075 4883C420 		addq	$32, %rsp	 #,
 108 0079 5D       		popq	%rbp	 #
 109              		.cfi_restore 6
 110              		.cfi_def_cfa 7, 8
 111 007a C3       		ret	
 112              		.cfi_endproc
 113              	.LFE30:
 114              		.seh_endproc
 115              	.Letext0:
 116              		.file 3 "C:/msys64/mingw64/include/vadefs.h"
 117 007b 90909090 		.section	.debug_info,"dr"
 117      90
 118              	.Ldebug_info0:
 119 0000 BC020000 		.long	0x2bc
 120 0004 0500     		.word	0x5
 121 0006 01       		.byte	0x1
 122 0007 08       		.byte	0x8
 123 0008 00000000 		.secrel32	.Ldebug_abbrev0
 124 000c 09       		.uleb128 0x9
 125 000d 474E5520 		.ascii "GNU C17 13.1.0 -mtune=generic -march=nocona -g -O0\0"
 125      43313720 
 125      31332E31 
 125      2E30202D 
 125      6D74756E 
 126 0040 1D       		.byte	0x1d
 127 0041 3E000000 		.secrel32	.LASF0
 128 0045 00000000 		.secrel32	.LASF1
 129 0049 00000000 		.quad	.Ltext0
 129      00000000 
 130 0051 7B000000 		.quad	.Letext0-.Ltext0
 130      00000000 
 131 0059 00000000 		.secrel32	.Ldebug_line0
 132 005d 04       		.uleb128 0x4
 133 005e 5F5F676E 		.ascii "__gnuc_va_list\0"
 133      75635F76 
 133      615F6C69 
 133      737400
 134 006d 03       		.byte	0x3
 135 006e 18       		.byte	0x18
 136 006f 1D       		.byte	0x1d
 137 0070 74000000 		.long	0x74
 138 0074 0A       		.uleb128 0xa
 139 0075 08       		.byte	0x8
 140 0076 5F5F6275 		.ascii "__builtin_va_list\0"
 140      696C7469 
 140      6E5F7661 
 140      5F6C6973 
 140      7400
 141 0088 8C000000 		.long	0x8c
 142 008c 01       		.uleb128 0x1
 143 008d 01       		.byte	0x1
 144 008e 06       		.byte	0x6
 145 008f 63686172 		.ascii "char\0"
 145      00
 146 0094 0B       		.uleb128 0xb
 147 0095 8C000000 		.long	0x8c
 148 0099 04       		.uleb128 0x4
 149 009a 76615F6C 		.ascii "va_list\0"
 149      69737400 
 150 00a2 03       		.byte	0x3
 151 00a3 1F       		.byte	0x1f
 152 00a4 1A       		.byte	0x1a
 153 00a5 5D000000 		.long	0x5d
 154 00a9 01       		.uleb128 0x1
 155 00aa 08       		.byte	0x8
 156 00ab 07       		.byte	0x7
 157 00ac 6C6F6E67 		.ascii "long long unsigned int\0"
 157      206C6F6E 
 157      6720756E 
 157      7369676E 
 157      65642069 
 158 00c3 01       		.uleb128 0x1
 159 00c4 08       		.byte	0x8
 160 00c5 05       		.byte	0x5
 161 00c6 6C6F6E67 		.ascii "long long int\0"
 161      206C6F6E 
 161      6720696E 
 161      7400
 162 00d4 01       		.uleb128 0x1
 163 00d5 02       		.byte	0x2
 164 00d6 07       		.byte	0x7
 165 00d7 73686F72 		.ascii "short unsigned int\0"
 165      7420756E 
 165      7369676E 
 165      65642069 
 165      6E7400
 166 00ea 01       		.uleb128 0x1
 167 00eb 04       		.byte	0x4
 168 00ec 05       		.byte	0x5
 169 00ed 696E7400 		.ascii "int\0"
 170 00f1 01       		.uleb128 0x1
 171 00f2 04       		.byte	0x4
 172 00f3 05       		.byte	0x5
 173 00f4 6C6F6E67 		.ascii "long int\0"
 173      20696E74 
 173      00
 174 00fd 05       		.uleb128 0x5
 175 00fe 8C000000 		.long	0x8c
 176 0102 01       		.uleb128 0x1
 177 0103 04       		.byte	0x4
 178 0104 07       		.byte	0x7
 179 0105 756E7369 		.ascii "unsigned int\0"
 179      676E6564 
 179      20696E74 
 179      00
 180 0112 01       		.uleb128 0x1
 181 0113 04       		.byte	0x4
 182 0114 07       		.byte	0x7
 183 0115 6C6F6E67 		.ascii "long unsigned int\0"
 183      20756E73 
 183      69676E65 
 183      6420696E 
 183      7400
 184 0127 01       		.uleb128 0x1
 185 0128 01       		.byte	0x1
 186 0129 08       		.byte	0x8
 187 012a 756E7369 		.ascii "unsigned char\0"
 187      676E6564 
 187      20636861 
 187      7200
 188 0138 0C       		.uleb128 0xc
 189 0139 5F696F62 		.ascii "_iobuf\0"
 189      756600
 190 0140 30       		.byte	0x30
 191 0141 01       		.byte	0x1
 192 0142 21       		.byte	0x21
 193 0143 0A       		.byte	0xa
 194 0144 C0010000 		.long	0x1c0
 195 0148 02       		.uleb128 0x2
 196 0149 5F707472 		.ascii "_ptr\0"
 196      00
 197 014e 25       		.byte	0x25
 198 014f 0B       		.byte	0xb
 199 0150 FD000000 		.long	0xfd
 200 0154 00       		.byte	0
 201 0155 02       		.uleb128 0x2
 202 0156 5F636E74 		.ascii "_cnt\0"
 202      00
 203 015b 26       		.byte	0x26
 204 015c 09       		.byte	0x9
 205 015d EA000000 		.long	0xea
 206 0161 08       		.byte	0x8
 207 0162 02       		.uleb128 0x2
 208 0163 5F626173 		.ascii "_base\0"
 208      6500
 209 0169 27       		.byte	0x27
 210 016a 0B       		.byte	0xb
 211 016b FD000000 		.long	0xfd
 212 016f 10       		.byte	0x10
 213 0170 02       		.uleb128 0x2
 214 0171 5F666C61 		.ascii "_flag\0"
 214      6700
 215 0177 28       		.byte	0x28
 216 0178 09       		.byte	0x9
 217 0179 EA000000 		.long	0xea
 218 017d 18       		.byte	0x18
 219 017e 02       		.uleb128 0x2
 220 017f 5F66696C 		.ascii "_file\0"
 220      6500
 221 0185 29       		.byte	0x29
 222 0186 09       		.byte	0x9
 223 0187 EA000000 		.long	0xea
 224 018b 1C       		.byte	0x1c
 225 018c 02       		.uleb128 0x2
 226 018d 5F636861 		.ascii "_charbuf\0"
 226      72627566 
 226      00
 227 0196 2A       		.byte	0x2a
 228 0197 09       		.byte	0x9
 229 0198 EA000000 		.long	0xea
 230 019c 20       		.byte	0x20
 231 019d 02       		.uleb128 0x2
 232 019e 5F627566 		.ascii "_bufsiz\0"
 232      73697A00 
 233 01a6 2B       		.byte	0x2b
 234 01a7 09       		.byte	0x9
 235 01a8 EA000000 		.long	0xea
 236 01ac 24       		.byte	0x24
 237 01ad 02       		.uleb128 0x2
 238 01ae 5F746D70 		.ascii "_tmpfname\0"
 238      666E616D 
 238      6500
 239 01b8 2C       		.byte	0x2c
 240 01b9 0B       		.byte	0xb
 241 01ba FD000000 		.long	0xfd
 242 01be 28       		.byte	0x28
 243 01bf 00       		.byte	0
 244 01c0 04       		.uleb128 0x4
 245 01c1 46494C45 		.ascii "FILE\0"
 245      00
 246 01c6 01       		.byte	0x1
 247 01c7 2F       		.byte	0x2f
 248 01c8 19       		.byte	0x19
 249 01c9 38010000 		.long	0x138
 250 01cd 06       		.uleb128 0x6
 251 01ce 5F5F6D69 		.ascii "__mingw_vfprintf\0"
 251      6E67775F 
 251      76667072 
 251      696E7466 
 251      00
 252 01df C4       		.byte	0xc4
 253 01e0 0F       		.byte	0xf
 254 01e1 EA000000 		.long	0xea
 255 01e5 F9010000 		.long	0x1f9
 256 01e9 03       		.uleb128 0x3
 257 01ea FE010000 		.long	0x1fe
 258 01ee 03       		.uleb128 0x3
 259 01ef 08020000 		.long	0x208
 260 01f3 03       		.uleb128 0x3
 261 01f4 99000000 		.long	0x99
 262 01f8 00       		.byte	0
 263 01f9 05       		.uleb128 0x5
 264 01fa C0010000 		.long	0x1c0
 265 01fe 07       		.uleb128 0x7
 266 01ff F9010000 		.long	0x1f9
 267 0203 05       		.uleb128 0x5
 268 0204 94000000 		.long	0x94
 269 0208 07       		.uleb128 0x7
 270 0209 03020000 		.long	0x203
 271 020d 06       		.uleb128 0x6
 272 020e 5F5F6163 		.ascii "__acrt_iob_func\0"
 272      72745F69 
 272      6F625F66 
 272      756E6300 
 273 021e 5D       		.byte	0x5d
 274 021f 17       		.byte	0x17
 275 0220 F9010000 		.long	0x1f9
 276 0224 2E020000 		.long	0x22e
 277 0228 03       		.uleb128 0x3
 278 0229 02010000 		.long	0x102
 279 022d 00       		.byte	0
 280 022e 0D       		.uleb128 0xd
 281 022f 6D61696E 		.ascii "main\0"
 281      00
 282 0234 02       		.byte	0x2
 283 0235 03       		.byte	0x3
 284 0236 05       		.byte	0x5
 285 0237 EA000000 		.long	0xea
 286 023b 54000000 		.quad	.LFB30
 286      00000000 
 287 0243 27000000 		.quad	.LFE30-.LFB30
 287      00000000 
 288 024b 01       		.uleb128 0x1
 289 024c 9C       		.byte	0x9c
 290 024d 0E       		.uleb128 0xe
 291 024e 7072696E 		.ascii "printf\0"
 291      746600
 292 0255 01       		.byte	0x1
 293 0256 7301     		.word	0x173
 294 0258 05       		.byte	0x5
 295 0259 EA000000 		.long	0xea
 296 025d 00000000 		.quad	.LFB9
 296      00000000 
 297 0265 54000000 		.quad	.LFE9-.LFB9
 297      00000000 
 298 026d 01       		.uleb128 0x1
 299 026e 9C       		.byte	0x9c
 300 026f 0F       		.uleb128 0xf
 301 0270 5F5F666F 		.ascii "__format\0"
 301      726D6174 
 301      00
 302 0279 01       		.byte	0x1
 303 027a 7301     		.word	0x173
 304 027c 19       		.byte	0x19
 305 027d 03020000 		.long	0x203
 306 0281 02       		.uleb128 0x2
 307 0282 91       		.byte	0x91
 308 0283 00       		.sleb128 0
 309 0284 10       		.uleb128 0x10
 310 0285 08       		.uleb128 0x8
 311 0286 5F5F7265 		.ascii "__retval\0"
 311      7476616C 
 311      00
 312 028f 7501     		.word	0x175
 313 0291 07       		.byte	0x7
 314 0292 EA000000 		.long	0xea
 315 0296 02       		.uleb128 0x2
 316 0297 91       		.byte	0x91
 317 0298 5C       		.sleb128 -36
 318 0299 08       		.uleb128 0x8
 319 029a 5F5F6C6F 		.ascii "__local_argv\0"
 319      63616C5F 
 319      61726776 
 319      00
 320 02a7 7601     		.word	0x176
 321 02a9 15       		.byte	0x15
 322 02aa 74000000 		.long	0x74
 323 02ae 02       		.uleb128 0x2
 324 02af 91       		.byte	0x91
 325 02b0 50       		.sleb128 -48
 326 02b1 11       		.uleb128 0x11
 327 02b2 35000000 		.quad	.LVL0
 327      00000000 
 328 02ba 0D020000 		.long	0x20d
 329 02be 00       		.byte	0
 330 02bf 00       		.byte	0
 331              		.section	.debug_abbrev,"dr"
 332              	.Ldebug_abbrev0:
 333 0000 01       		.uleb128 0x1
 334 0001 24       		.uleb128 0x24
 335 0002 00       		.byte	0
 336 0003 0B       		.uleb128 0xb
 337 0004 0B       		.uleb128 0xb
 338 0005 3E       		.uleb128 0x3e
 339 0006 0B       		.uleb128 0xb
 340 0007 03       		.uleb128 0x3
 341 0008 08       		.uleb128 0x8
 342 0009 00       		.byte	0
 343 000a 00       		.byte	0
 344 000b 02       		.uleb128 0x2
 345 000c 0D       		.uleb128 0xd
 346 000d 00       		.byte	0
 347 000e 03       		.uleb128 0x3
 348 000f 08       		.uleb128 0x8
 349 0010 3A       		.uleb128 0x3a
 350 0011 21       		.uleb128 0x21
 351 0012 01       		.sleb128 1
 352 0013 3B       		.uleb128 0x3b
 353 0014 0B       		.uleb128 0xb
 354 0015 39       		.uleb128 0x39
 355 0016 0B       		.uleb128 0xb
 356 0017 49       		.uleb128 0x49
 357 0018 13       		.uleb128 0x13
 358 0019 38       		.uleb128 0x38
 359 001a 0B       		.uleb128 0xb
 360 001b 00       		.byte	0
 361 001c 00       		.byte	0
 362 001d 03       		.uleb128 0x3
 363 001e 05       		.uleb128 0x5
 364 001f 00       		.byte	0
 365 0020 49       		.uleb128 0x49
 366 0021 13       		.uleb128 0x13
 367 0022 00       		.byte	0
 368 0023 00       		.byte	0
 369 0024 04       		.uleb128 0x4
 370 0025 16       		.uleb128 0x16
 371 0026 00       		.byte	0
 372 0027 03       		.uleb128 0x3
 373 0028 08       		.uleb128 0x8
 374 0029 3A       		.uleb128 0x3a
 375 002a 0B       		.uleb128 0xb
 376 002b 3B       		.uleb128 0x3b
 377 002c 0B       		.uleb128 0xb
 378 002d 39       		.uleb128 0x39
 379 002e 0B       		.uleb128 0xb
 380 002f 49       		.uleb128 0x49
 381 0030 13       		.uleb128 0x13
 382 0031 00       		.byte	0
 383 0032 00       		.byte	0
 384 0033 05       		.uleb128 0x5
 385 0034 0F       		.uleb128 0xf
 386 0035 00       		.byte	0
 387 0036 0B       		.uleb128 0xb
 388 0037 21       		.uleb128 0x21
 389 0038 08       		.sleb128 8
 390 0039 49       		.uleb128 0x49
 391 003a 13       		.uleb128 0x13
 392 003b 00       		.byte	0
 393 003c 00       		.byte	0
 394 003d 06       		.uleb128 0x6
 395 003e 2E       		.uleb128 0x2e
 396 003f 01       		.byte	0x1
 397 0040 3F       		.uleb128 0x3f
 398 0041 19       		.uleb128 0x19
 399 0042 03       		.uleb128 0x3
 400 0043 08       		.uleb128 0x8
 401 0044 3A       		.uleb128 0x3a
 402 0045 21       		.uleb128 0x21
 403 0046 01       		.sleb128 1
 404 0047 3B       		.uleb128 0x3b
 405 0048 0B       		.uleb128 0xb
 406 0049 39       		.uleb128 0x39
 407 004a 0B       		.uleb128 0xb
 408 004b 27       		.uleb128 0x27
 409 004c 19       		.uleb128 0x19
 410 004d 49       		.uleb128 0x49
 411 004e 13       		.uleb128 0x13
 412 004f 3C       		.uleb128 0x3c
 413 0050 19       		.uleb128 0x19
 414 0051 01       		.uleb128 0x1
 415 0052 13       		.uleb128 0x13
 416 0053 00       		.byte	0
 417 0054 00       		.byte	0
 418 0055 07       		.uleb128 0x7
 419 0056 37       		.uleb128 0x37
 420 0057 00       		.byte	0
 421 0058 49       		.uleb128 0x49
 422 0059 13       		.uleb128 0x13
 423 005a 00       		.byte	0
 424 005b 00       		.byte	0
 425 005c 08       		.uleb128 0x8
 426 005d 34       		.uleb128 0x34
 427 005e 00       		.byte	0
 428 005f 03       		.uleb128 0x3
 429 0060 08       		.uleb128 0x8
 430 0061 3A       		.uleb128 0x3a
 431 0062 21       		.uleb128 0x21
 432 0063 01       		.sleb128 1
 433 0064 3B       		.uleb128 0x3b
 434 0065 05       		.uleb128 0x5
 435 0066 39       		.uleb128 0x39
 436 0067 0B       		.uleb128 0xb
 437 0068 49       		.uleb128 0x49
 438 0069 13       		.uleb128 0x13
 439 006a 02       		.uleb128 0x2
 440 006b 18       		.uleb128 0x18
 441 006c 00       		.byte	0
 442 006d 00       		.byte	0
 443 006e 09       		.uleb128 0x9
 444 006f 11       		.uleb128 0x11
 445 0070 01       		.byte	0x1
 446 0071 25       		.uleb128 0x25
 447 0072 08       		.uleb128 0x8
 448 0073 13       		.uleb128 0x13
 449 0074 0B       		.uleb128 0xb
 450 0075 03       		.uleb128 0x3
 451 0076 1F       		.uleb128 0x1f
 452 0077 1B       		.uleb128 0x1b
 453 0078 1F       		.uleb128 0x1f
 454 0079 11       		.uleb128 0x11
 455 007a 01       		.uleb128 0x1
 456 007b 12       		.uleb128 0x12
 457 007c 07       		.uleb128 0x7
 458 007d 10       		.uleb128 0x10
 459 007e 17       		.uleb128 0x17
 460 007f 00       		.byte	0
 461 0080 00       		.byte	0
 462 0081 0A       		.uleb128 0xa
 463 0082 0F       		.uleb128 0xf
 464 0083 00       		.byte	0
 465 0084 0B       		.uleb128 0xb
 466 0085 0B       		.uleb128 0xb
 467 0086 03       		.uleb128 0x3
 468 0087 08       		.uleb128 0x8
 469 0088 49       		.uleb128 0x49
 470 0089 13       		.uleb128 0x13
 471 008a 00       		.byte	0
 472 008b 00       		.byte	0
 473 008c 0B       		.uleb128 0xb
 474 008d 26       		.uleb128 0x26
 475 008e 00       		.byte	0
 476 008f 49       		.uleb128 0x49
 477 0090 13       		.uleb128 0x13
 478 0091 00       		.byte	0
 479 0092 00       		.byte	0
 480 0093 0C       		.uleb128 0xc
 481 0094 13       		.uleb128 0x13
 482 0095 01       		.byte	0x1
 483 0096 03       		.uleb128 0x3
 484 0097 08       		.uleb128 0x8
 485 0098 0B       		.uleb128 0xb
 486 0099 0B       		.uleb128 0xb
 487 009a 3A       		.uleb128 0x3a
 488 009b 0B       		.uleb128 0xb
 489 009c 3B       		.uleb128 0x3b
 490 009d 0B       		.uleb128 0xb
 491 009e 39       		.uleb128 0x39
 492 009f 0B       		.uleb128 0xb
 493 00a0 01       		.uleb128 0x1
 494 00a1 13       		.uleb128 0x13
 495 00a2 00       		.byte	0
 496 00a3 00       		.byte	0
 497 00a4 0D       		.uleb128 0xd
 498 00a5 2E       		.uleb128 0x2e
 499 00a6 00       		.byte	0
 500 00a7 3F       		.uleb128 0x3f
 501 00a8 19       		.uleb128 0x19
 502 00a9 03       		.uleb128 0x3
 503 00aa 08       		.uleb128 0x8
 504 00ab 3A       		.uleb128 0x3a
 505 00ac 0B       		.uleb128 0xb
 506 00ad 3B       		.uleb128 0x3b
 507 00ae 0B       		.uleb128 0xb
 508 00af 39       		.uleb128 0x39
 509 00b0 0B       		.uleb128 0xb
 510 00b1 49       		.uleb128 0x49
 511 00b2 13       		.uleb128 0x13
 512 00b3 11       		.uleb128 0x11
 513 00b4 01       		.uleb128 0x1
 514 00b5 12       		.uleb128 0x12
 515 00b6 07       		.uleb128 0x7
 516 00b7 40       		.uleb128 0x40
 517 00b8 18       		.uleb128 0x18
 518 00b9 7C       		.uleb128 0x7c
 519 00ba 19       		.uleb128 0x19
 520 00bb 00       		.byte	0
 521 00bc 00       		.byte	0
 522 00bd 0E       		.uleb128 0xe
 523 00be 2E       		.uleb128 0x2e
 524 00bf 01       		.byte	0x1
 525 00c0 03       		.uleb128 0x3
 526 00c1 08       		.uleb128 0x8
 527 00c2 3A       		.uleb128 0x3a
 528 00c3 0B       		.uleb128 0xb
 529 00c4 3B       		.uleb128 0x3b
 530 00c5 05       		.uleb128 0x5
 531 00c6 39       		.uleb128 0x39
 532 00c7 0B       		.uleb128 0xb
 533 00c8 27       		.uleb128 0x27
 534 00c9 19       		.uleb128 0x19
 535 00ca 49       		.uleb128 0x49
 536 00cb 13       		.uleb128 0x13
 537 00cc 11       		.uleb128 0x11
 538 00cd 01       		.uleb128 0x1
 539 00ce 12       		.uleb128 0x12
 540 00cf 07       		.uleb128 0x7
 541 00d0 40       		.uleb128 0x40
 542 00d1 18       		.uleb128 0x18
 543 00d2 7C       		.uleb128 0x7c
 544 00d3 19       		.uleb128 0x19
 545 00d4 00       		.byte	0
 546 00d5 00       		.byte	0
 547 00d6 0F       		.uleb128 0xf
 548 00d7 05       		.uleb128 0x5
 549 00d8 00       		.byte	0
 550 00d9 03       		.uleb128 0x3
 551 00da 08       		.uleb128 0x8
 552 00db 3A       		.uleb128 0x3a
 553 00dc 0B       		.uleb128 0xb
 554 00dd 3B       		.uleb128 0x3b
 555 00de 05       		.uleb128 0x5
 556 00df 39       		.uleb128 0x39
 557 00e0 0B       		.uleb128 0xb
 558 00e1 49       		.uleb128 0x49
 559 00e2 13       		.uleb128 0x13
 560 00e3 02       		.uleb128 0x2
 561 00e4 18       		.uleb128 0x18
 562 00e5 00       		.byte	0
 563 00e6 00       		.byte	0
 564 00e7 10       		.uleb128 0x10
 565 00e8 18       		.uleb128 0x18
 566 00e9 00       		.byte	0
 567 00ea 00       		.byte	0
 568 00eb 00       		.byte	0
 569 00ec 11       		.uleb128 0x11
 570 00ed 48       		.uleb128 0x48
 571 00ee 00       		.byte	0
 572 00ef 7D       		.uleb128 0x7d
 573 00f0 01       		.uleb128 0x1
 574 00f1 7F       		.uleb128 0x7f
 575 00f2 13       		.uleb128 0x13
 576 00f3 00       		.byte	0
 577 00f4 00       		.byte	0
 578 00f5 00       		.byte	0
 579              		.section	.debug_aranges,"dr"
 580 0000 2C000000 		.long	0x2c
 581 0004 0200     		.word	0x2
 582 0006 00000000 		.secrel32	.Ldebug_info0
 583 000a 08       		.byte	0x8
 584 000b 00       		.byte	0
 585 000c 0000     		.word	0
 586 000e 0000     		.word	0
 587 0010 00000000 		.quad	.Ltext0
 587      00000000 
 588 0018 7B000000 		.quad	.Letext0-.Ltext0
 588      00000000 
 589 0020 00000000 		.quad	0
 589      00000000 
 590 0028 00000000 		.quad	0
 590      00000000 
 591              		.section	.debug_line,"dr"
 592              	.Ldebug_line0:
 593 0000 7E000000 		.section	.debug_str,"dr"
 593      05000800 
 593      38000000 
 593      010101FB 
 593      0E0D0001 
 594              		.section	.debug_line_str,"dr"
 595              	.LASF1:
 596 0000 433A5C55 		.ascii "C:\\Users\\Kyouma\\reyuki\\explore-c\0"
 596      73657273 
 596      5C536170 
 596      7A46726F 
 596      6D596F75 
 597              	.LASF0:
 598 003e 696E6465 		.ascii "index.c\0"
 598      782E6300 
 599              		.ident	"GCC: (Rev7, Built by MSYS2 project) 13.1.0"
